<html>
<body>
<pre>
<h1>礦ision Build Log</h1>
<h2>Project:</h2>
D:\王均伟\老王\三创程序\灯头控制开关\灯头开关\RVMDK\SI4432_86开关.uvproj
Project File Date:  04/08/2014

<h2>Output:</h2>
Build target '86盒开关程序'
compiling main.c...
..\MAIN\main.c(96): warning:  #940-D: missing return statement at end of non-void function "GlideFilterAD"
..\MAIN\main.c:   }
..\MAIN\main.c:   ^
..\MAIN\main.c(111): error:  #101: "result" has already been declared in the current scope
..\MAIN\main.c:   unsigned char result;
..\MAIN\main.c:                 ^
..\MAIN\main.c(106): warning:  #177-D: variable "result" was declared but never referenced
..\MAIN\main.c:   uint16_t result;
..\MAIN\main.c:            ^
..\MAIN\main.c: ..\MAIN\main.c: 2 warnings, 1 error
compiling GPIO.c...
compiling FMC.c...
compiling SI4432.c...
..\SI4432_Driver\SI4432.c(449): warning:  #1-D: last line of file ends without a newline
..\SI4432_Driver\SI4432.c:    
..\SI4432_Driver\SI4432.c:    ^
..\SI4432_Driver\SI4432.c: ..\SI4432_Driver\SI4432.c: 1 warning, 0 errors
compiling core_cm0.c...
compiling system_M051Series.c...
compiling DrvADC.c...
compiling DrvEBI.c...
compiling DrvFMC.c...
compiling DrvGPIO.c...
compiling DrvI2C.c...
compiling DrvPWM.c...
compiling DrvSPI.c...
compiling DrvSYS.c...
compiling DrvTIMER.c...
compiling DrvUART.c...
compiling retarget.c...
compiling SI4432_proto.c...
Target not created
compiling main.c...
..\MAIN\main.c(96): warning:  #940-D: missing return statement at end of non-void function "GlideFilterAD"
..\MAIN\main.c:   }
..\MAIN\main.c:   ^
..\MAIN\main.c(110): error:  #101: "result" has already been declared in the current scope
..\MAIN\main.c:   unsigned char result;
..\MAIN\main.c:                 ^
..\MAIN\main.c(106): warning:  #177-D: variable "result" was declared but never referenced
..\MAIN\main.c:   uint16_t result;
..\MAIN\main.c:            ^
..\MAIN\main.c: ..\MAIN\main.c: 2 warnings, 1 error
..\MAIN\main.c - 1 Error(s), 2 Warning(s).
compiling main.c...
..\MAIN\main.c(96): warning:  #940-D: missing return statement at end of non-void function "GlideFilterAD"
..\MAIN\main.c:   }
..\MAIN\main.c:   ^
..\MAIN\main.c(110): error:  #101: "result" has already been declared in the current scope
..\MAIN\main.c:   unsigned char result;
..\MAIN\main.c:                 ^
..\MAIN\main.c(106): warning:  #177-D: variable "result" was declared but never referenced
..\MAIN\main.c:   uint16_t result;
..\MAIN\main.c:            ^
..\MAIN\main.c: ..\MAIN\main.c: 2 warnings, 1 error
..\MAIN\main.c - 1 Error(s), 2 Warning(s).
compiling main.c...
..\MAIN\main.c(96): warning:  #940-D: missing return statement at end of non-void function "GlideFilterAD"
..\MAIN\main.c:   }
..\MAIN\main.c:   ^
..\MAIN\main.c(110): warning:  #550-D: variable "res" was set but never used
..\MAIN\main.c:   unsigned char res;
..\MAIN\main.c:                 ^
..\MAIN\main.c: ..\MAIN\main.c: 2 warnings, 0 errors
..\MAIN\main.c - 0 Error(s), 2 Warning(s).
Build target '86盒开关程序'
linking...
Program Size: Code=2064 RO-data=224 RW-data=168 ZI-data=1224  
FromELF: creating hex file...
".\obj\SI4432_86开关.axf" - 0 Error(s), 0 Warning(s).
Build target '86盒开关程序'
compiling main.c...
..\MAIN\main.c(96): warning:  #940-D: missing return statement at end of non-void function "GlideFilterAD"
..\MAIN\main.c:   }
..\MAIN\main.c:   ^
..\MAIN\main.c: ..\MAIN\main.c: 1 warning, 0 errors
linking...
Program Size: Code=2068 RO-data=224 RW-data=168 ZI-data=1224  
FromELF: creating hex file...
".\obj\SI4432_86开关.axf" - 0 Error(s), 1 Warning(s).
Build target '86盒开关程序'
compiling main.c...
..\MAIN\main.c(96): warning:  #940-D: missing return statement at end of non-void function "GlideFilterAD"
..\MAIN\main.c:   }
..\MAIN\main.c:   ^
..\MAIN\main.c: ..\MAIN\main.c: 1 warning, 0 errors
linking...
Program Size: Code=2084 RO-data=224 RW-data=168 ZI-data=1224  
FromELF: creating hex file...
".\obj\SI4432_86开关.axf" - 0 Error(s), 1 Warning(s).
Build target '86盒开关程序'
compiling main.c...
..\MAIN\main.c(96): warning:  #940-D: missing return statement at end of non-void function "GlideFilterAD"
..\MAIN\main.c:   }
..\MAIN\main.c:   ^
..\MAIN\main.c: ..\MAIN\main.c: 1 warning, 0 errors
linking...
Program Size: Code=2080 RO-data=224 RW-data=168 ZI-data=1224  
FromELF: creating hex file...
".\obj\SI4432_86开关.axf" - 0 Error(s), 1 Warning(s).
Build target '86盒开关程序'
compiling main.c...
..\MAIN\main.c(96): warning:  #940-D: missing return statement at end of non-void function "GlideFilterAD"
..\MAIN\main.c:   }
..\MAIN\main.c:   ^
..\MAIN\main.c: ..\MAIN\main.c: 1 warning, 0 errors
linking...
Program Size: Code=2080 RO-data=224 RW-data=168 ZI-data=1224  
FromELF: creating hex file...
".\obj\SI4432_86开关.axf" - 0 Error(s), 1 Warning(s).
Build target '86盒开关程序'
compiling main.c...
..\MAIN\main.c(96): warning:  #940-D: missing return statement at end of non-void function "GlideFilterAD"
..\MAIN\main.c:   }
..\MAIN\main.c:   ^
..\MAIN\main.c: ..\MAIN\main.c: 1 warning, 0 errors
linking...
Program Size: Code=2084 RO-data=224 RW-data=168 ZI-data=1224  
FromELF: creating hex file...
".\obj\SI4432_86开关.axf" - 0 Error(s), 1 Warning(s).
Build target '86盒开关程序'
linking...
Program Size: Code=2084 RO-data=224 RW-data=168 ZI-data=1224  
FromELF: creating hex file...
".\obj\SI4432_86开关.axf" - 0 Error(s), 0 Warning(s).
